// Jest Snapshot v1, https://goo.gl/fbAQLP

exports[`VUserProfile renders the component 1`] = `
<div class="user-profile">
  <div class="user-profile__name">
    Filipe Maciel
  </div>
  <div class="user-profile__bio">
    Tecnólogo em Análise e Desenvolvimento de Sistemas pelo IFG e Especialista em Desenvolvimento Web e Mobile - Full Stack, pela UFG.
  </div>
</div>
`;
